Detecting compiler hash for triplet x64-windows...
Compiler found: C:/Program Files/Microsoft Visual Studio/2022/Community/VC/Tools/MSVC/14.44.35207/bin/Hostx64/x64/cl.exe
The following packages are already installed:
  * cgltf:x64-windows@1.14
  * dirent:x64-windows@1.26
  * drlibs:x64-windows@2023-08-16
  * glfw3:x64-windows@3.4#1
  * miniaudio:x64-windows@0.11.22
  * mmx:x64-windows@2022-03-27
  * nanosvg:x64-windows@2023-12-29
  * qoi:x64-windows@2023-08-10
    raylib[core,use-audio]:x64-windows@5.5
  * stb:x64-windows@2024-07-29#1
  * vcpkg-cmake:x64-windows@2024-04-23
  * vcpkg-cmake-config:x64-windows@2024-05-23
raylib provides CMake targets:

  # this is heuristically generated, and may not be correct
  find_package(raylib CONFIG REQUIRED)
  target_link_libraries(main PRIVATE raylib)

raylib provides pkg-config modules:

  # A simple and easy-to-use library to enjoy videogames programming
  raylib

All requested installations completed successfully in: 1.52 ms
